// Vitest Snapshot v1, https://vitest.dev/guide/snapshot.html

exports[`AppNavigation > should accept custom classes 1`] = `"<header class="w-full flex items-center justify-center py-2 px-4 sm:px-10 border-t gap-4 custom-class"><a href="/" data-test-nav-link="" class="flex items-center gap-2 rounded-lg p-2"><span class="iconify i-hugeicons:dart size-6! min-w-6!" aria-hidden="true"></span><span class="sr-only">Play</span></a><a href="/users" data-test-nav-link="" class="flex items-center gap-2 rounded-lg p-2"><span class="iconify i-hugeicons:user-group size-6! min-w-6!" aria-hidden="true"></span><span class="sr-only">Users</span></a></header>"`;

exports[`AppNavigation > should render correctly with default props 1`] = `"<header class="w-full flex items-center justify-center py-2 px-4 sm:px-10 border-t gap-4"><a href="/" data-test-nav-link="" class="flex items-center gap-2 rounded-lg p-2"><span class="iconify i-hugeicons:dart size-6! min-w-6!" aria-hidden="true"></span><span class="sr-only">Play</span></a><a href="/users" data-test-nav-link="" class="flex items-center gap-2 rounded-lg p-2"><span class="iconify i-hugeicons:user-group size-6! min-w-6!" aria-hidden="true"></span><span class="sr-only">Users</span></a></header>"`;
