// Vitest Snapshot v1, https://vitest.dev/guide/snapshot.html

exports[`ScoreTrainingDashboard > should render correctly with default props 1`] = `
"<div class="grid grid-cols-2 divide-x">
  <div data-slot="card" class="flex flex-col items-center relative overflow-hidden py-4 gap-1.5 border-b" data-test-avg-score="">
    <div data-test-label="" class="text-sm text-muted-foreground">Avg Score</div>
    <div data-test-stat="" class="pt-0 flex-1"><span class="text-3xl font-bold">90</span></div>
    <div data-test-footer="">
      <div data-slot="badge" class="inline-flex items-center justify-center rounded-full border px-2 py-0.5 text-xs font-medium w-fit whitespace-nowrap shrink-0 [&amp;>svg]:size-3 gap-1 [&amp;>svg]:pointer-events-none focus-visible:border-ring focus-visible:ring-[3px] aria-invalid:ring-destructive/20 dark:aria-invalid:ring-destructive/40 aria-invalid:border-destructive transition-[color,box-shadow] overflow-hidden border-transparent bg-secondary/20 text-secondary [a&amp;]:hover:bg-secondary/10 focus-visible:ring-secondary/10" variant="secondary"><span class="iconify i-hugeicons:arrow-up-right-01" aria-hidden="true" data-test-icon=""></span> 160% </div>
    </div>
  </div>
  <div data-slot="card" class="flex flex-col items-center relative overflow-hidden py-4 gap-1.5 border-b" data-test-total-score="">
    <div data-test-label="" class="text-sm text-muted-foreground">Best Game</div>
    <div data-test-stat="" class="pt-0 flex-1"><span class="text-3xl font-bold">180</span></div>
    <div data-test-footer=""><span class="text-xs text-muted-foreground">06 Mar, 10:00</span></div>
  </div>
  <div data-slot="card" class="flex flex-col items-center relative overflow-hidden py-4 gap-1.5 border-b" data-test-best-three-dart-avg="">
    <div data-test-label="" class="text-sm text-muted-foreground">Best 3-Dart Avg</div>
    <div data-test-stat="" class="pt-0 flex-1"><span class="text-3xl font-bold">60</span></div>
    <!--v-if-->
  </div>
  <div data-slot="card" class="flex flex-col items-center relative overflow-hidden py-4 gap-1.5 border-b" data-test-total-180s="">
    <div data-test-label="" class="text-sm text-muted-foreground">Total 180S</div>
    <div data-test-stat="" class="pt-0 flex-1"><span class="text-3xl font-bold">1</span></div>
    <!--v-if-->
  </div>
  <div data-slot="card" class="flex flex-col items-center relative overflow-hidden py-4 gap-1.5 border-b" data-test-highest-throw="">
    <div data-test-label="" class="text-sm text-muted-foreground">Highest Throw</div>
    <div data-test-stat="" class="pt-0 flex-1"><span class="text-3xl font-bold">180</span></div>
    <!--v-if-->
  </div>
  <div data-slot="card" class="flex flex-col items-center relative overflow-hidden py-4 gap-1.5 border-b" data-test-avg-highest-throw="">
    <div data-test-label="" class="text-sm text-muted-foreground">Avg Highest throw</div>
    <div data-test-stat="" class="pt-0 flex-1"><span class="text-3xl font-bold">90</span></div>
    <!--v-if-->
  </div>
</div>
<div data-slot="card" class="relative overflow-hidden bg-card flex flex-col gap-2 border-b py-6 shadow-sm">
  <div data-slot="card-header" class="@container/card-header grid auto-rows-min grid-rows-[auto_auto] items-start gap-1.5 px-4 has-data-[slot=card-action]:grid-cols-[1fr_auto] [.border-b]:pb-4">
    <h3 data-slot="card-title" class="leading-none font-semibold">Score Trend</h3>
  </div>
  <div data-slot="card-content" class="px-4"><canvas role="img" data-test-line-chart="">
      <p></p>
    </canvas></div>
</div>
<div data-slot="card" class="relative overflow-hidden bg-card flex flex-col gap-2 border-b py-6 shadow-sm">
  <div data-slot="card-header" class="@container/card-header grid auto-rows-min grid-rows-[auto_auto] items-start gap-1.5 px-4 has-data-[slot=card-action]:grid-cols-[1fr_auto] [.border-b]:pb-4">
    <h3 data-slot="card-title" class="leading-none font-semibold">Recent Games</h3>
  </div>
  <div data-slot="card-content" class="px-4">
    <div data-slot="table-container" class="relative w-full overflow-auto">
      <table data-slot="table" class="w-full caption-bottom text-sm">
        <thead data-slot="table-header" class="[&amp;_tr]:border-b">
          <tr data-slot="table-row" class="hover:bg-muted/50 data-[state=selected]:bg-muted border-b transition-colors">
            <th data-slot="table-head" class="text-foreground h-10 px-2 text-left align-middle font-medium whitespace-nowrap [&amp;:has([role=checkbox])]:pr-0 *:[[role=checkbox]]:translate-y-0.5">Date</th>
            <th data-slot="table-head" class="text-foreground h-10 px-2 text-left align-middle font-medium whitespace-nowrap [&amp;:has([role=checkbox])]:pr-0 *:[[role=checkbox]]:translate-y-0.5">Total</th>
            <th data-slot="table-head" class="text-foreground h-10 px-2 text-left align-middle font-medium whitespace-nowrap [&amp;:has([role=checkbox])]:pr-0 *:[[role=checkbox]]:translate-y-0.5">Highest</th>
            <th data-slot="table-head" class="text-foreground h-10 px-2 text-left align-middle font-medium whitespace-nowrap [&amp;:has([role=checkbox])]:pr-0 *:[[role=checkbox]]:translate-y-0.5">3-Dart Avg</th>
            <th data-slot="table-head" class="text-foreground h-10 px-2 text-left align-middle font-medium whitespace-nowrap [&amp;:has([role=checkbox])]:pr-0 *:[[role=checkbox]]:translate-y-0.5">180S</th>
          </tr>
        </thead>
        <tbody data-slot="table-body" class="[&amp;_tr:last-child]:border-0">
          <tr data-slot="table-row" class="hover:bg-muted/50 data-[state=selected]:bg-muted border-b transition-colors text-sm text-muted-foreground">
            <td data-slot="table-cell" class="p-2 align-middle whitespace-nowrap [&amp;:has([role=checkbox])]:pr-0 *:[[role=checkbox]]:translate-y-0.5">06 Mar, 10:00</td>
            <td data-slot="table-cell" class="p-2 align-middle whitespace-nowrap [&amp;:has([role=checkbox])]:pr-0 *:[[role=checkbox]]:translate-y-0.5">180</td>
            <td data-slot="table-cell" class="p-2 align-middle whitespace-nowrap [&amp;:has([role=checkbox])]:pr-0 *:[[role=checkbox]]:translate-y-0.5">180</td>
            <td data-slot="table-cell" class="p-2 align-middle whitespace-nowrap [&amp;:has([role=checkbox])]:pr-0 *:[[role=checkbox]]:translate-y-0.5">60</td>
            <td data-slot="table-cell" class="p-2 align-middle whitespace-nowrap [&amp;:has([role=checkbox])]:pr-0 *:[[role=checkbox]]:translate-y-0.5">1</td>
          </tr>
          <tr data-slot="table-row" class="hover:bg-muted/50 data-[state=selected]:bg-muted border-b transition-colors text-sm text-muted-foreground">
            <td data-slot="table-cell" class="p-2 align-middle whitespace-nowrap [&amp;:has([role=checkbox])]:pr-0 *:[[role=checkbox]]:translate-y-0.5">05 Mar, 10:00</td>
            <td data-slot="table-cell" class="p-2 align-middle whitespace-nowrap [&amp;:has([role=checkbox])]:pr-0 *:[[role=checkbox]]:translate-y-0.5">140</td>
            <td data-slot="table-cell" class="p-2 align-middle whitespace-nowrap [&amp;:has([role=checkbox])]:pr-0 *:[[role=checkbox]]:translate-y-0.5">140</td>
            <td data-slot="table-cell" class="p-2 align-middle whitespace-nowrap [&amp;:has([role=checkbox])]:pr-0 *:[[role=checkbox]]:translate-y-0.5">46.666666666666664</td>
            <td data-slot="table-cell" class="p-2 align-middle whitespace-nowrap [&amp;:has([role=checkbox])]:pr-0 *:[[role=checkbox]]:translate-y-0.5">0</td>
          </tr>
          <tr data-slot="table-row" class="hover:bg-muted/50 data-[state=selected]:bg-muted border-b transition-colors text-sm text-muted-foreground">
            <td data-slot="table-cell" class="p-2 align-middle whitespace-nowrap [&amp;:has([role=checkbox])]:pr-0 *:[[role=checkbox]]:translate-y-0.5">04 Mar, 10:00</td>
            <td data-slot="table-cell" class="p-2 align-middle whitespace-nowrap [&amp;:has([role=checkbox])]:pr-0 *:[[role=checkbox]]:translate-y-0.5">70</td>
            <td data-slot="table-cell" class="p-2 align-middle whitespace-nowrap [&amp;:has([role=checkbox])]:pr-0 *:[[role=checkbox]]:translate-y-0.5">70</td>
            <td data-slot="table-cell" class="p-2 align-middle whitespace-nowrap [&amp;:has([role=checkbox])]:pr-0 *:[[role=checkbox]]:translate-y-0.5">23.333333333333332</td>
            <td data-slot="table-cell" class="p-2 align-middle whitespace-nowrap [&amp;:has([role=checkbox])]:pr-0 *:[[role=checkbox]]:translate-y-0.5">0</td>
          </tr>
          <tr data-slot="table-row" class="hover:bg-muted/50 data-[state=selected]:bg-muted border-b transition-colors text-sm text-muted-foreground">
            <td data-slot="table-cell" class="p-2 align-middle whitespace-nowrap [&amp;:has([role=checkbox])]:pr-0 *:[[role=checkbox]]:translate-y-0.5">03 Mar, 10:00</td>
            <td data-slot="table-cell" class="p-2 align-middle whitespace-nowrap [&amp;:has([role=checkbox])]:pr-0 *:[[role=checkbox]]:translate-y-0.5">60</td>
            <td data-slot="table-cell" class="p-2 align-middle whitespace-nowrap [&amp;:has([role=checkbox])]:pr-0 *:[[role=checkbox]]:translate-y-0.5">60</td>
            <td data-slot="table-cell" class="p-2 align-middle whitespace-nowrap [&amp;:has([role=checkbox])]:pr-0 *:[[role=checkbox]]:translate-y-0.5">20</td>
            <td data-slot="table-cell" class="p-2 align-middle whitespace-nowrap [&amp;:has([role=checkbox])]:pr-0 *:[[role=checkbox]]:translate-y-0.5">0</td>
          </tr>
          <tr data-slot="table-row" class="hover:bg-muted/50 data-[state=selected]:bg-muted border-b transition-colors text-sm text-muted-foreground">
            <td data-slot="table-cell" class="p-2 align-middle whitespace-nowrap [&amp;:has([role=checkbox])]:pr-0 *:[[role=checkbox]]:translate-y-0.5">02 Mar, 10:00</td>
            <td data-slot="table-cell" class="p-2 align-middle whitespace-nowrap [&amp;:has([role=checkbox])]:pr-0 *:[[role=checkbox]]:translate-y-0.5">50</td>
            <td data-slot="table-cell" class="p-2 align-middle whitespace-nowrap [&amp;:has([role=checkbox])]:pr-0 *:[[role=checkbox]]:translate-y-0.5">50</td>
            <td data-slot="table-cell" class="p-2 align-middle whitespace-nowrap [&amp;:has([role=checkbox])]:pr-0 *:[[role=checkbox]]:translate-y-0.5">16.666666666666668</td>
            <td data-slot="table-cell" class="p-2 align-middle whitespace-nowrap [&amp;:has([role=checkbox])]:pr-0 *:[[role=checkbox]]:translate-y-0.5">0</td>
          </tr>
        </tbody>
      </table>
    </div>
  </div>
</div>"
`;
