// Vitest Snapshot v1, https://vitest.dev/guide/snapshot.html

exports[`TrendIndicator > Down direction > should render correctly 1`] = `"<div data-slot="badge" class="inline-flex items-center justify-center rounded-full border px-2 py-0.5 text-xs font-medium w-fit whitespace-nowrap shrink-0 [&amp;>svg]:size-3 gap-1 [&amp;>svg]:pointer-events-none focus-visible:border-ring focus-visible:ring-[3px] aria-invalid:ring-destructive/20 dark:aria-invalid:ring-destructive/40 aria-invalid:border-destructive transition-[color,box-shadow] overflow-hidden border-transparent bg-destructive/20 text-destructive [a&amp;]:hover:bg-destructive/10 focus-visible:ring-destructive/10" variant="destructive"><span class="iconify i-hugeicons:arrow-down-right-01" aria-hidden="true" data-test-icon=""></span> 42% </div>"`;

exports[`TrendIndicator > Normal direction > should render correctly 1`] = `"<div data-slot="badge" class="inline-flex items-center justify-center rounded-full border px-2 py-0.5 text-xs font-medium w-fit whitespace-nowrap shrink-0 [&amp;>svg]:size-3 gap-1 [&amp;>svg]:pointer-events-none focus-visible:border-ring focus-visible:ring-[3px] aria-invalid:ring-destructive/20 dark:aria-invalid:ring-destructive/40 aria-invalid:border-destructive transition-[color,box-shadow] overflow-hidden border-transparent bg-primary/20 text-primary [a&amp;]:hover:bg-primary/10 focus-visible:ring-primary/10" variant="default"><span class="iconify i-hugeicons:minus-sign" aria-hidden="true" data-test-icon=""></span> 42% </div>"`;

exports[`TrendIndicator > Up direction > should render correctly 1`] = `"<div data-slot="badge" class="inline-flex items-center justify-center rounded-full border px-2 py-0.5 text-xs font-medium w-fit whitespace-nowrap shrink-0 [&amp;>svg]:size-3 gap-1 [&amp;>svg]:pointer-events-none focus-visible:border-ring focus-visible:ring-[3px] aria-invalid:ring-destructive/20 dark:aria-invalid:ring-destructive/40 aria-invalid:border-destructive transition-[color,box-shadow] overflow-hidden border-transparent bg-secondary/20 text-secondary [a&amp;]:hover:bg-secondary/10 focus-visible:ring-secondary/10" variant="secondary"><span class="iconify i-hugeicons:arrow-up-right-01" aria-hidden="true" data-test-icon=""></span> 42% </div>"`;
